Analysis & Synthesis report for Register
Wed Mar 08 13:34:29 2023
Quartus II 64-Bit Version 13.0.1 Build 232 06/12/2013 Service Pack 1 SJ Web Edition


---------------------
; Table of Contents ;
---------------------
  1. Legal Notice
  2. Analysis & Synthesis Summary
  3. Analysis & Synthesis Settings
  4. Parallel Compilation
  5. Analysis & Synthesis Source Files Read
  6. Analysis & Synthesis Resource Usage Summary
  7. Analysis & Synthesis Resource Utilization by Entity
  8. Registers Removed During Synthesis
  9. Removed Registers Triggering Further Register Optimizations
 10. General Register Statistics
 11. Port Connectivity Checks: "mux2_1:MDmux"
 12. Elapsed Time Per Partition
 13. Analysis & Synthesis Messages



----------------
; Legal Notice ;
----------------
Copyright (C) 1991-2013 Altera Corporation
Your use of Altera Corporation's design tools, logic functions 
and other software and tools, and its AMPP partner logic 
functions, and any output files from any of the foregoing 
(including device programming or simulation files), and any 
associated documentation or information are expressly subject 
to the terms and conditions of the Altera Program License 
Subscription Agreement, Altera MegaCore Function License 
Agreement, or other applicable license agreement, including, 
without limitation, that your use is for the sole purpose of 
programming logic devices manufactured by Altera and sold by 
Altera or its authorized distributors.  Please refer to the 
applicable agreement for further details.



+--------------------------------------------------------------------------------------+
; Analysis & Synthesis Summary                                                         ;
+------------------------------------+-------------------------------------------------+
; Analysis & Synthesis Status        ; Successful - Wed Mar 08 13:34:28 2023           ;
; Quartus II 64-Bit Version          ; 13.0.1 Build 232 06/12/2013 SP 1 SJ Web Edition ;
; Revision Name                      ; Register                                        ;
; Top-level Entity Name              ; MDR                                             ;
; Family                             ; Cyclone III                                     ;
; Total logic elements               ; 1                                               ;
;     Total combinational functions  ; 1                                               ;
;     Dedicated logic registers      ; 1                                               ;
; Total registers                    ; 1                                               ;
; Total pins                         ; 68                                              ;
; Total virtual pins                 ; 0                                               ;
; Total memory bits                  ; 0                                               ;
; Embedded Multiplier 9-bit elements ; 0                                               ;
; Total PLLs                         ; 0                                               ;
+------------------------------------+-------------------------------------------------+


+----------------------------------------------------------------------------------------------------------------------+
; Analysis & Synthesis Settings                                                                                        ;
+----------------------------------------------------------------------------+--------------------+--------------------+
; Option                                                                     ; Setting            ; Default Value      ;
+----------------------------------------------------------------------------+--------------------+--------------------+
; Device                                                                     ; EP3C16F484C6       ;                    ;
; Top-level entity name                                                      ; MDR                ; Register           ;
; Family name                                                                ; Cyclone III        ; Cyclone IV GX      ;
; Use smart compilation                                                      ; Off                ; Off                ;
; Enable parallel Assembler and TimeQuest Timing Analyzer during compilation ; On                 ; On                 ;
; Enable compact report table                                                ; Off                ; Off                ;
; Restructure Multiplexers                                                   ; Auto               ; Auto               ;
; Create Debugging Nodes for IP Cores                                        ; Off                ; Off                ;
; Preserve fewer node names                                                  ; On                 ; On                 ;
; Disable OpenCore Plus hardware evaluation                                  ; Off                ; Off                ;
; Verilog Version                                                            ; Verilog_2001       ; Verilog_2001       ;
; VHDL Version                                                               ; VHDL_1993          ; VHDL_1993          ;
; State Machine Processing                                                   ; Auto               ; Auto               ;
; Safe State Machine                                                         ; Off                ; Off                ;
; Extract Verilog State Machines                                             ; On                 ; On                 ;
; Extract VHDL State Machines                                                ; On                 ; On                 ;
; Ignore Verilog initial constructs                                          ; Off                ; Off                ;
; Iteration limit for constant Verilog loops                                 ; 5000               ; 5000               ;
; Iteration limit for non-constant Verilog loops                             ; 250                ; 250                ;
; Add Pass-Through Logic to Inferred RAMs                                    ; On                 ; On                 ;
; Infer RAMs from Raw Logic                                                  ; On                 ; On                 ;
; Parallel Synthesis                                                         ; On                 ; On                 ;
; DSP Block Balancing                                                        ; Auto               ; Auto               ;
; NOT Gate Push-Back                                                         ; On                 ; On                 ;
; Power-Up Don't Care                                                        ; On                 ; On                 ;
; Remove Redundant Logic Cells                                               ; Off                ; Off                ;
; Remove Duplicate Registers                                                 ; On                 ; On                 ;
; Ignore CARRY Buffers                                                       ; Off                ; Off                ;
; Ignore CASCADE Buffers                                                     ; Off                ; Off                ;
; Ignore GLOBAL Buffers                                                      ; Off                ; Off                ;
; Ignore ROW GLOBAL Buffers                                                  ; Off                ; Off                ;
; Ignore LCELL Buffers                                                       ; Off                ; Off                ;
; Ignore SOFT Buffers                                                        ; On                 ; On                 ;
; Limit AHDL Integers to 32 Bits                                             ; Off                ; Off                ;
; Optimization Technique                                                     ; Balanced           ; Balanced           ;
; Carry Chain Length                                                         ; 70                 ; 70                 ;
; Auto Carry Chains                                                          ; On                 ; On                 ;
; Auto Open-Drain Pins                                                       ; On                 ; On                 ;
; Perform WYSIWYG Primitive Resynthesis                                      ; Off                ; Off                ;
; Auto ROM Replacement                                                       ; On                 ; On                 ;
; Auto RAM Replacement                                                       ; On                 ; On                 ;
; Auto DSP Block Replacement                                                 ; On                 ; On                 ;
; Auto Shift Register Replacement                                            ; Auto               ; Auto               ;
; Allow Shift Register Merging across Hierarchies                            ; Auto               ; Auto               ;
; Auto Clock Enable Replacement                                              ; On                 ; On                 ;
; Strict RAM Replacement                                                     ; Off                ; Off                ;
; Allow Synchronous Control Signals                                          ; On                 ; On                 ;
; Force Use of Synchronous Clear Signals                                     ; Off                ; Off                ;
; Auto RAM Block Balancing                                                   ; On                 ; On                 ;
; Auto RAM to Logic Cell Conversion                                          ; Off                ; Off                ;
; Auto Resource Sharing                                                      ; Off                ; Off                ;
; Allow Any RAM Size For Recognition                                         ; Off                ; Off                ;
; Allow Any ROM Size For Recognition                                         ; Off                ; Off                ;
; Allow Any Shift Register Size For Recognition                              ; Off                ; Off                ;
; Use LogicLock Constraints during Resource Balancing                        ; On                 ; On                 ;
; Ignore translate_off and synthesis_off directives                          ; Off                ; Off                ;
; Timing-Driven Synthesis                                                    ; On                 ; On                 ;
; Report Parameter Settings                                                  ; On                 ; On                 ;
; Report Source Assignments                                                  ; On                 ; On                 ;
; Report Connectivity Checks                                                 ; On                 ; On                 ;
; Ignore Maximum Fan-Out Assignments                                         ; Off                ; Off                ;
; Synchronization Register Chain Length                                      ; 2                  ; 2                  ;
; PowerPlay Power Optimization                                               ; Normal compilation ; Normal compilation ;
; HDL message level                                                          ; Level2             ; Level2             ;
; Suppress Register Optimization Related Messages                            ; Off                ; Off                ;
; Number of Removed Registers Reported in Synthesis Report                   ; 5000               ; 5000               ;
; Number of Swept Nodes Reported in Synthesis Report                         ; 5000               ; 5000               ;
; Number of Inverted Registers Reported in Synthesis Report                  ; 100                ; 100                ;
; Clock MUX Protection                                                       ; On                 ; On                 ;
; Auto Gated Clock Conversion                                                ; Off                ; Off                ;
; Block Design Naming                                                        ; Auto               ; Auto               ;
; SDC constraint protection                                                  ; Off                ; Off                ;
; Synthesis Effort                                                           ; Auto               ; Auto               ;
; Shift Register Replacement - Allow Asynchronous Clear Signal               ; On                 ; On                 ;
; Pre-Mapping Resynthesis Optimization                                       ; Off                ; Off                ;
; Analysis & Synthesis Message Level                                         ; Medium             ; Medium             ;
; Disable Register Merging Across Hierarchies                                ; Auto               ; Auto               ;
; Resource Aware Inference For Block RAM                                     ; On                 ; On                 ;
; Synthesis Seed                                                             ; 1                  ; 1                  ;
+----------------------------------------------------------------------------+--------------------+--------------------+


Parallel compilation was disabled, but you have multiple processors available. Enable parallel compilation to reduce compilation time.
+-------------------------------------+
; Parallel Compilation                ;
+----------------------------+--------+
; Processors                 ; Number ;
+----------------------------+--------+
; Number detected on machine ; 8      ;
; Maximum allowed            ; 1      ;
+----------------------------+--------+


+---------------------------------------------------------------------------------------------------------------------------------------------+
; Analysis & Synthesis Source Files Read                                                                                                      ;
+----------------------------------+-----------------+------------------------+-----------------------------------------------------+---------+
; File Name with User-Entered Path ; Used in Netlist ; File Type              ; File Name with Absolute Path                        ; Library ;
+----------------------------------+-----------------+------------------------+-----------------------------------------------------+---------+
; Register.v                       ; yes             ; User Verilog HDL File  ; C:/Users/Admin/Documents/ELEC374part2/Register.v    ;         ;
; multiplexer.v                    ; yes             ; User Verilog HDL File  ; C:/Users/Admin/Documents/ELEC374part2/multiplexer.v ;         ;
; MDR.v                            ; yes             ; User Verilog HDL File  ; C:/Users/Admin/Documents/ELEC374part2/MDR.v         ;         ;
+----------------------------------+-----------------+------------------------+-----------------------------------------------------+---------+


+------------------------------------------------------------------------------+
; Analysis & Synthesis Resource Usage Summary                                  ;
+---------------------------------------------+--------------------------------+
; Resource                                    ; Usage                          ;
+---------------------------------------------+--------------------------------+
; Estimated Total logic elements              ; 1                              ;
;                                             ;                                ;
; Total combinational functions               ; 1                              ;
; Logic element usage by number of LUT inputs ;                                ;
;     -- 4 input functions                    ; 1                              ;
;     -- 3 input functions                    ; 0                              ;
;     -- <=2 input functions                  ; 0                              ;
;                                             ;                                ;
; Logic elements by mode                      ;                                ;
;     -- normal mode                          ; 1                              ;
;     -- arithmetic mode                      ; 0                              ;
;                                             ;                                ;
; Total registers                             ; 1                              ;
;     -- Dedicated logic registers            ; 1                              ;
;     -- I/O registers                        ; 0                              ;
;                                             ;                                ;
; I/O pins                                    ; 68                             ;
; Embedded Multiplier 9-bit elements          ; 0                              ;
; Maximum fan-out node                        ; register:MDRegister|outputQ[0] ;
; Maximum fan-out                             ; 2                              ;
; Total fan-out                               ; 75                             ;
; Average fan-out                             ; 0.54                           ;
+---------------------------------------------+--------------------------------+


+----------------------------------------------------------------------------------------------------------------------------------------------------------------------------------+
; Analysis & Synthesis Resource Utilization by Entity                                                                                                                              ;
+----------------------------+-------------------+--------------+-------------+--------------+---------+-----------+------+--------------+--------------------------+--------------+
; Compilation Hierarchy Node ; LC Combinationals ; LC Registers ; Memory Bits ; DSP Elements ; DSP 9x9 ; DSP 18x18 ; Pins ; Virtual Pins ; Full Hierarchy Name      ; Library Name ;
+----------------------------+-------------------+--------------+-------------+--------------+---------+-----------+------+--------------+--------------------------+--------------+
; |MDR                       ; 1 (0)             ; 1 (0)        ; 0           ; 0            ; 0       ; 0         ; 68   ; 0            ; |MDR                     ; work         ;
;    |register:MDRegister|   ; 1 (1)             ; 1 (1)        ; 0           ; 0            ; 0       ; 0         ; 0    ; 0            ; |MDR|register:MDRegister ; work         ;
+----------------------------+-------------------+--------------+-------------+--------------+---------+-----------+------+--------------+--------------------------+--------------+
Note: For table entries with two numbers listed, the numbers in parentheses indicate the number of resources of the given type used by the specific entity alone. The numbers listed outside of parentheses indicate the total resources of the given type used by the specific entity and all of its sub-entities in the hierarchy.


+---------------------------------------------------------------------------------+
; Registers Removed During Synthesis                                              ;
+----------------------------------------+----------------------------------------+
; Register name                          ; Reason for Removal                     ;
+----------------------------------------+----------------------------------------+
; register:MDRegister|outputQ[1..31]     ; Stuck at GND due to stuck port data_in ;
; Total Number of Removed Registers = 31 ;                                        ;
+----------------------------------------+----------------------------------------+


+------------------------------------------------------------------------------------------------------+
; Removed Registers Triggering Further Register Optimizations                                          ;
+---------------------------------+---------------------------+----------------------------------------+
; Register name                   ; Reason for Removal        ; Registers Removed due to This Register ;
+---------------------------------+---------------------------+----------------------------------------+
; register:MDRegister|outputQ[30] ; Stuck at GND              ; register:MDRegister|outputQ[1]         ;
;                                 ; due to stuck port data_in ;                                        ;
; register:MDRegister|outputQ[28] ; Stuck at GND              ; register:MDRegister|outputQ[2]         ;
;                                 ; due to stuck port data_in ;                                        ;
; register:MDRegister|outputQ[26] ; Stuck at GND              ; register:MDRegister|outputQ[3]         ;
;                                 ; due to stuck port data_in ;                                        ;
; register:MDRegister|outputQ[24] ; Stuck at GND              ; register:MDRegister|outputQ[4]         ;
;                                 ; due to stuck port data_in ;                                        ;
; register:MDRegister|outputQ[22] ; Stuck at GND              ; register:MDRegister|outputQ[5]         ;
;                                 ; due to stuck port data_in ;                                        ;
; register:MDRegister|outputQ[20] ; Stuck at GND              ; register:MDRegister|outputQ[6]         ;
;                                 ; due to stuck port data_in ;                                        ;
; register:MDRegister|outputQ[18] ; Stuck at GND              ; register:MDRegister|outputQ[7]         ;
;                                 ; due to stuck port data_in ;                                        ;
; register:MDRegister|outputQ[16] ; Stuck at GND              ; register:MDRegister|outputQ[8]         ;
;                                 ; due to stuck port data_in ;                                        ;
; register:MDRegister|outputQ[14] ; Stuck at GND              ; register:MDRegister|outputQ[9]         ;
;                                 ; due to stuck port data_in ;                                        ;
; register:MDRegister|outputQ[12] ; Stuck at GND              ; register:MDRegister|outputQ[10]        ;
;                                 ; due to stuck port data_in ;                                        ;
+---------------------------------+---------------------------+----------------------------------------+


+------------------------------------------------------+
; General Register Statistics                          ;
+----------------------------------------------+-------+
; Statistic                                    ; Value ;
+----------------------------------------------+-------+
; Total registers                              ; 1     ;
; Number of registers using Synchronous Clear  ; 0     ;
; Number of registers using Synchronous Load   ; 0     ;
; Number of registers using Asynchronous Clear ; 0     ;
; Number of registers using Asynchronous Load  ; 0     ;
; Number of registers using Clock Enable       ; 0     ;
; Number of registers using Preset             ; 0     ;
+----------------------------------------------+-------+


+-----------------------------------------------------------------------------------------------------------------------------------------------------------------------------------------------------------------+
; Port Connectivity Checks: "mux2_1:MDmux"                                                                                                                                                                        ;
+--------+--------+----------+------------------------------------------------------------------------------------------------------------------------------------------------------------------------------------+
; Port   ; Type   ; Severity ; Details                                                                                                                                                                            ;
+--------+--------+----------+------------------------------------------------------------------------------------------------------------------------------------------------------------------------------------+
; out    ; Output ; Warning  ; Output or bidir port (1 bits) is smaller than the port expression (32 bits) it drives.  The 31 most-significant bit(s) in the port expression will be connected to GND.            ;
; input0 ; Input  ; Warning  ; Input port expression (32 bits) is wider than the input port (1 bits) it drives.  The 31 most-significant bit(s) in the expression will be dangling if they have no other fanouts. ;
+--------+--------+----------+------------------------------------------------------------------------------------------------------------------------------------------------------------------------------------+


+-------------------------------+
; Elapsed Time Per Partition    ;
+----------------+--------------+
; Partition Name ; Elapsed Time ;
+----------------+--------------+
; Top            ; 00:00:00     ;
+----------------+--------------+


+-------------------------------+
; Analysis & Synthesis Messages ;
+-------------------------------+
Info: *******************************************************************
Info: Running Quartus II 64-Bit Analysis & Synthesis
    Info: Version 13.0.1 Build 232 06/12/2013 Service Pack 1 SJ Web Edition
    Info: Processing started: Wed Mar 08 13:34:27 2023
Info: Command: quartus_map --read_settings_files=on --write_settings_files=off ELEC374 -c Register
Warning (20028): Parallel compilation is not licensed and has been disabled
Info (12021): Found 1 design units, including 1 entities, in source file sub_32tb.v
    Info (12023): Found entity 1: sub_32tb
Info (12021): Found 1 design units, including 1 entities, in source file sub_32bit.v
    Info (12023): Found entity 1: sub_32bit
Info (12021): Found 1 design units, including 1 entities, in source file ror_tb.v
    Info (12023): Found entity 1: ror_tb
Info (12021): Found 1 design units, including 1 entities, in source file ror_32bit.v
    Info (12023): Found entity 1: rotateRight
Info (12021): Found 1 design units, including 1 entities, in source file rol_tb.v
    Info (12023): Found entity 1: rol_tb
Info (12021): Found 1 design units, including 1 entities, in source file rol_32bit.v
    Info (12023): Found entity 1: rotateLeft
Info (12021): Found 1 design units, including 1 entities, in source file or_tb.v
    Info (12023): Found entity 1: or_TB
Info (12021): Found 1 design units, including 1 entities, in source file or_32bit.v
    Info (12023): Found entity 1: or_32bit
Info (12021): Found 1 design units, including 1 entities, in source file not_tb.v
    Info (12023): Found entity 1: not_tb
Info (12021): Found 1 design units, including 1 entities, in source file not_32bit.v
    Info (12023): Found entity 1: not_32bit
Info (12021): Found 1 design units, including 1 entities, in source file negate_tb.v
    Info (12023): Found entity 1: negate_tb
Info (12021): Found 1 design units, including 1 entities, in source file negate.v
    Info (12023): Found entity 1: negate_32bit
Info (12021): Found 1 design units, including 1 entities, in source file mul_32bit.v
    Info (12023): Found entity 1: mul_32bit
Info (12021): Found 1 design units, including 1 entities, in source file div_32bit.v
    Info (12023): Found entity 1: division_32bit
Info (12021): Found 1 design units, including 1 entities, in source file shr_tb.v
    Info (12023): Found entity 1: shr_TB
Info (12021): Found 1 design units, including 1 entities, in source file shr_32bit.v
    Info (12023): Found entity 1: shr
Info (12021): Found 1 design units, including 1 entities, in source file shl_tb.v
    Info (12023): Found entity 1: shl_TB
Info (12021): Found 1 design units, including 1 entities, in source file shl_32bit.v
    Info (12023): Found entity 1: shl
Info (12021): Found 1 design units, including 1 entities, in source file registertb.v
    Info (12023): Found entity 1: registerTB
Info (12021): Found 1 design units, including 1 entities, in source file register.v
    Info (12023): Found entity 1: register
Info (12021): Found 1 design units, including 1 entities, in source file multiplexertb.v
    Info (12023): Found entity 1: mux32_1_tb
Info (12021): Found 4 design units, including 4 entities, in source file multiplexer.v
    Info (12023): Found entity 1: mux2_1
    Info (12023): Found entity 2: mux8_1
    Info (12023): Found entity 3: mux16_1
    Info (12023): Found entity 4: mux32_1
Info (12021): Found 1 design units, including 1 entities, in source file mdrtb.v
    Info (12023): Found entity 1: MDR_TB
Info (12021): Found 1 design units, including 1 entities, in source file mdr.v
    Info (12023): Found entity 1: MDR
Info (12021): Found 1 design units, including 1 entities, in source file encodertb.v
    Info (12023): Found entity 1: encoderTb
Info (12021): Found 1 design units, including 1 entities, in source file encoder.v
    Info (12023): Found entity 1: encoder_325
Info (12021): Found 1 design units, including 1 entities, in source file and_tb.v
    Info (12023): Found entity 1: and_TB
Info (12021): Found 1 design units, including 1 entities, in source file and_32bit.v
    Info (12023): Found entity 1: and_32bit
Info (12021): Found 1 design units, including 1 entities, in source file add_tb.v
    Info (12023): Found entity 1: add_TB
Info (12021): Found 3 design units, including 3 entities, in source file add_32.v
    Info (12023): Found entity 1: add_32_bit
    Info (12023): Found entity 2: CLA16
    Info (12023): Found entity 3: CLA4
Info (12021): Found 1 design units, including 1 entities, in source file shra_32bit.v
    Info (12023): Found entity 1: shra
Warning (10236): Verilog HDL Implicit Net warning at shr_TB.v(6): created implicit net for "shr_result"
Warning (10236): Verilog HDL Implicit Net warning at shl_TB.v(6): created implicit net for "shr_result"
Warning (10236): Verilog HDL Implicit Net warning at MDR.v(10): created implicit net for "BusMuxIn"
Warning (10236): Verilog HDL Implicit Net warning at MDR.v(11): created implicit net for "clr"
Critical Warning (10846): Verilog HDL Instantiation warning at not_tb.v(5): instance has no name
Info (12127): Elaborating entity "MDR" for the top level hierarchy
Info (12128): Elaborating entity "mux2_1" for hierarchy "mux2_1:MDmux"
Warning (10030): Net "s_bar" at multiplexer.v(5) has no driver or initial value, using a default initial value '0'
Info (12128): Elaborating entity "register" for hierarchy "register:MDRegister"
Warning (12011): Net is missing source, defaulting to GND
    Warning (12110): Net "BusMuxOut[31]" is missing source, defaulting to GND
    Warning (12110): Net "BusMuxOut[30]" is missing source, defaulting to GND
    Warning (12110): Net "BusMuxOut[29]" is missing source, defaulting to GND
    Warning (12110): Net "BusMuxOut[28]" is missing source, defaulting to GND
    Warning (12110): Net "BusMuxOut[27]" is missing source, defaulting to GND
    Warning (12110): Net "BusMuxOut[26]" is missing source, defaulting to GND
    Warning (12110): Net "BusMuxOut[25]" is missing source, defaulting to GND
    Warning (12110): Net "BusMuxOut[24]" is missing source, defaulting to GND
    Warning (12110): Net "BusMuxOut[23]" is missing source, defaulting to GND
    Warning (12110): Net "BusMuxOut[22]" is missing source, defaulting to GND
    Warning (12110): Net "BusMuxOut[21]" is missing source, defaulting to GND
    Warning (12110): Net "BusMuxOut[20]" is missing source, defaulting to GND
    Warning (12110): Net "BusMuxOut[19]" is missing source, defaulting to GND
    Warning (12110): Net "BusMuxOut[18]" is missing source, defaulting to GND
    Warning (12110): Net "BusMuxOut[17]" is missing source, defaulting to GND
    Warning (12110): Net "BusMuxOut[16]" is missing source, defaulting to GND
    Warning (12110): Net "BusMuxOut[15]" is missing source, defaulting to GND
    Warning (12110): Net "BusMuxOut[14]" is missing source, defaulting to GND
    Warning (12110): Net "BusMuxOut[13]" is missing source, defaulting to GND
    Warning (12110): Net "BusMuxOut[12]" is missing source, defaulting to GND
    Warning (12110): Net "BusMuxOut[11]" is missing source, defaulting to GND
    Warning (12110): Net "BusMuxOut[10]" is missing source, defaulting to GND
    Warning (12110): Net "BusMuxOut[9]" is missing source, defaulting to GND
    Warning (12110): Net "BusMuxOut[8]" is missing source, defaulting to GND
    Warning (12110): Net "BusMuxOut[7]" is missing source, defaulting to GND
    Warning (12110): Net "BusMuxOut[6]" is missing source, defaulting to GND
    Warning (12110): Net "BusMuxOut[5]" is missing source, defaulting to GND
    Warning (12110): Net "BusMuxOut[4]" is missing source, defaulting to GND
    Warning (12110): Net "BusMuxOut[3]" is missing source, defaulting to GND
    Warning (12110): Net "BusMuxOut[2]" is missing source, defaulting to GND
    Warning (12110): Net "BusMuxOut[1]" is missing source, defaulting to GND
Warning (12241): 1 hierarchies have connectivity warnings - see the Connectivity Checks report folder
Warning (13024): Output pins are stuck at VCC or GND
    Warning (13410): Pin "memOut[1]" is stuck at GND
    Warning (13410): Pin "memOut[2]" is stuck at GND
    Warning (13410): Pin "memOut[3]" is stuck at GND
    Warning (13410): Pin "memOut[4]" is stuck at GND
    Warning (13410): Pin "memOut[5]" is stuck at GND
    Warning (13410): Pin "memOut[6]" is stuck at GND
    Warning (13410): Pin "memOut[7]" is stuck at GND
    Warning (13410): Pin "memOut[8]" is stuck at GND
    Warning (13410): Pin "memOut[9]" is stuck at GND
    Warning (13410): Pin "memOut[10]" is stuck at GND
    Warning (13410): Pin "memOut[11]" is stuck at GND
    Warning (13410): Pin "memOut[12]" is stuck at GND
    Warning (13410): Pin "memOut[13]" is stuck at GND
    Warning (13410): Pin "memOut[14]" is stuck at GND
    Warning (13410): Pin "memOut[15]" is stuck at GND
    Warning (13410): Pin "memOut[16]" is stuck at GND
    Warning (13410): Pin "memOut[17]" is stuck at GND
    Warning (13410): Pin "memOut[18]" is stuck at GND
    Warning (13410): Pin "memOut[19]" is stuck at GND
    Warning (13410): Pin "memOut[20]" is stuck at GND
    Warning (13410): Pin "memOut[21]" is stuck at GND
    Warning (13410): Pin "memOut[22]" is stuck at GND
    Warning (13410): Pin "memOut[23]" is stuck at GND
    Warning (13410): Pin "memOut[24]" is stuck at GND
    Warning (13410): Pin "memOut[25]" is stuck at GND
    Warning (13410): Pin "memOut[26]" is stuck at GND
    Warning (13410): Pin "memOut[27]" is stuck at GND
    Warning (13410): Pin "memOut[28]" is stuck at GND
    Warning (13410): Pin "memOut[29]" is stuck at GND
    Warning (13410): Pin "memOut[30]" is stuck at GND
    Warning (13410): Pin "memOut[31]" is stuck at GND
Info (286030): Timing-Driven Synthesis is running
Info (16010): Generating hard_block partition "hard_block:auto_generated_inst"
    Info (16011): Adding 0 node(s), including 0 DDIO, 0 PLL, 0 transceiver and 0 LCELL
Warning (21074): Design contains 32 input pin(s) that do not drive logic
    Warning (15610): No output dependent on input pin "clear"
    Warning (15610): No output dependent on input pin "Mdatain[1]"
    Warning (15610): No output dependent on input pin "Mdatain[2]"
    Warning (15610): No output dependent on input pin "Mdatain[3]"
    Warning (15610): No output dependent on input pin "Mdatain[4]"
    Warning (15610): No output dependent on input pin "Mdatain[5]"
    Warning (15610): No output dependent on input pin "Mdatain[6]"
    Warning (15610): No output dependent on input pin "Mdatain[7]"
    Warning (15610): No output dependent on input pin "Mdatain[8]"
    Warning (15610): No output dependent on input pin "Mdatain[9]"
    Warning (15610): No output dependent on input pin "Mdatain[10]"
    Warning (15610): No output dependent on input pin "Mdatain[11]"
    Warning (15610): No output dependent on input pin "Mdatain[12]"
    Warning (15610): No output dependent on input pin "Mdatain[13]"
    Warning (15610): No output dependent on input pin "Mdatain[14]"
    Warning (15610): No output dependent on input pin "Mdatain[15]"
    Warning (15610): No output dependent on input pin "Mdatain[16]"
    Warning (15610): No output dependent on input pin "Mdatain[17]"
    Warning (15610): No output dependent on input pin "Mdatain[18]"
    Warning (15610): No output dependent on input pin "Mdatain[19]"
    Warning (15610): No output dependent on input pin "Mdatain[20]"
    Warning (15610): No output dependent on input pin "Mdatain[21]"
    Warning (15610): No output dependent on input pin "Mdatain[22]"
    Warning (15610): No output dependent on input pin "Mdatain[23]"
    Warning (15610): No output dependent on input pin "Mdatain[24]"
    Warning (15610): No output dependent on input pin "Mdatain[25]"
    Warning (15610): No output dependent on input pin "Mdatain[26]"
    Warning (15610): No output dependent on input pin "Mdatain[27]"
    Warning (15610): No output dependent on input pin "Mdatain[28]"
    Warning (15610): No output dependent on input pin "Mdatain[29]"
    Warning (15610): No output dependent on input pin "Mdatain[30]"
    Warning (15610): No output dependent on input pin "Mdatain[31]"
Info (21057): Implemented 69 device resources after synthesis - the final resource count might be different
    Info (21058): Implemented 36 input pins
    Info (21059): Implemented 32 output pins
    Info (21061): Implemented 1 logic cells
Info: Quartus II 64-Bit Analysis & Synthesis was successful. 0 errors, 105 warnings
    Info: Peak virtual memory: 4584 megabytes
    Info: Processing ended: Wed Mar 08 13:34:29 2023
    Info: Elapsed time: 00:00:02
    Info: Total CPU time (on all processors): 00:00:02


